Command line invocation:
    /Applications/Xcode.app/Contents/Developer/usr/bin/xcodebuild -project DeckKeeperXcode.xcodeproj -scheme DeckKeeperXcode -destination id=81D16E18-70DC-40BC-A41B-BCAD010F5120

2026-06-07 13:23:22.429 xcodebuild[52773:1972283] [MT] IDERunDestination: Supported platforms for the buildables in the current scheme is empty.
ComputePackagePrebuildTargetDependencyGraph

Prepare packages

CreateBuildRequest

SendProjectDescription

CreateBuildOperation

ComputeTargetDependencyGraph
note: Building targets in dependency order
note: Target dependency graph (1 target)
    Target 'DeckKeeperXcode' in project 'DeckKeeperXcode' (no dependencies)

GatherProvisioningInputs

CreateBuildDescription

ExecuteExternalTool /Applications/Xcode.app/Contents/Developer/Toolchains/XcodeDefault.xctoolchain/usr/bin/swiftc --version

ExecuteExternalTool /Applications/Xcode.app/Contents/Developer/Toolchains/XcodeDefault.xctoolchain/usr/bin/clang -v -E -dM -isysroot /Applications/Xcode.app/Contents/Developer/Platforms/iPhoneSimulator.platform/Developer/SDKs/iPhoneSimulator26.5.sdk -x c -c /dev/null

ExecuteExternalTool /Applications/Xcode.app/Contents/Developer/Toolchains/XcodeDefault.xctoolchain/usr/bin/ld -version_details

Build description signature: 0dc3abcd4a119739abe65d89ac4a765e
Build description path: /Users/lpbrochu/Library/Developer/Xcode/DerivedData/DeckKeeperXcode-hbfhqexzsefexrgcyguzhumfbpyw/Build/Intermediates.noindex/XCBuildData/0dc3abcd4a119739abe65d89ac4a765e.xcbuilddata
ClangStatCache /Applications/Xcode.app/Contents/Developer/Toolchains/XcodeDefault.xctoolchain/usr/bin/clang-stat-cache /Applications/Xcode.app/Contents/Developer/Platforms/iPhoneSimulator.platform/Developer/SDKs/iPhoneSimulator26.5.sdk /Users/lpbrochu/Library/Developer/Xcode/DerivedData/SDKStatCaches.noindex/iphonesimulator26.5-23F73-6cfe768891a92b912361537c460fe42b.sdkstatcache
    cd /Users/lpbrochu/Workspace/FAB-DeckKeeperSwift/DeckKeeperXcode.xcodeproj
    /Applications/Xcode.app/Contents/Developer/Toolchains/XcodeDefault.xctoolchain/usr/bin/clang-stat-cache /Applications/Xcode.app/Contents/Developer/Platforms/iPhoneSimulator.platform/Developer/SDKs/iPhoneSimulator26.5.sdk -o /Users/lpbrochu/Library/Developer/Xcode/DerivedData/SDKStatCaches.noindex/iphonesimulator26.5-23F73-6cfe768891a92b912361537c460fe42b.sdkstatcache

ProcessInfoPlistFile /Users/lpbrochu/Library/Developer/Xcode/DerivedData/DeckKeeperXcode-hbfhqexzsefexrgcyguzhumfbpyw/Build/Products/Debug-iphonesimulator/DeckKeeperXcode.app/Info.plist /Users/lpbrochu/Library/Developer/Xcode/DerivedData/DeckKeeperXcode-hbfhqexzsefexrgcyguzhumfbpyw/Build/Intermediates.noindex/DeckKeeperXcode.build/Debug-iphonesimulator/DeckKeeperXcode.build/empty-DeckKeeperXcode.plist (in target 'DeckKeeperXcode' from project 'DeckKeeperXcode')
    cd /Users/lpbrochu/Workspace/FAB-DeckKeeperSwift
    builtin-infoPlistUtility /Users/lpbrochu/Library/Developer/Xcode/DerivedData/DeckKeeperXcode-hbfhqexzsefexrgcyguzhumfbpyw/Build/Intermediates.noindex/DeckKeeperXcode.build/Debug-iphonesimulator/DeckKeeperXcode.build/empty-DeckKeeperXcode.plist -producttype com.apple.product-type.application -genpkginfo /Users/lpbrochu/Library/Developer/Xcode/DerivedData/DeckKeeperXcode-hbfhqexzsefexrgcyguzhumfbpyw/Build/Products/Debug-iphonesimulator/DeckKeeperXcode.app/PkgInfo -expandbuildsettings -format binary -platform iphonesimulator -o /Users/lpbrochu/Library/Developer/Xcode/DerivedData/DeckKeeperXcode-hbfhqexzsefexrgcyguzhumfbpyw/Build/Products/Debug-iphonesimulator/DeckKeeperXcode.app/Info.plist

SwiftDriver DeckKeeperXcode normal arm64 com.apple.xcode.tools.swift.compiler (in target 'DeckKeeperXcode' from project 'DeckKeeperXcode')
    cd /Users/lpbrochu/Workspace/FAB-DeckKeeperSwift
    builtin-SwiftDriver -- /Applications/Xcode.app/Contents/Developer/Toolchains/XcodeDefault.xctoolchain/usr/bin/swiftc -module-name DeckKeeperXcode -Onone @/Users/lpbrochu/Library/Developer/Xcode/DerivedData/DeckKeeperXcode-hbfhqexzsefexrgcyguzhumfbpyw/Build/Intermediates.noindex/DeckKeeperXcode.build/Debug-iphonesimulator/DeckKeeperXcode.build/Objects-normal/arm64/DeckKeeperXcode.SwiftFileList -DDEBUG -enable-bare-slash-regex -enable-experimental-feature DebugDescriptionMacro -sdk /Applications/Xcode.app/Contents/Developer/Platforms/iPhoneSimulator.platform/Developer/SDKs/iPhoneSimulator26.5.sdk -target arm64-apple-ios17.0-simulator -g -module-cache-path /Users/lpbrochu/Library/Developer/Xcode/DerivedData/ModuleCache.noindex -Xfrontend -serialize-debugging-options -enable-testing -index-store-path /Users/lpbrochu/Library/Developer/Xcode/DerivedData/DeckKeeperXcode-hbfhqexzsefexrgcyguzhumfbpyw/Index.noindex/DataStore -Xcc -D_LIBCPP_HARDENING_MODE\=_LIBCPP_HARDENING_MODE_DEBUG -swift-version 5 -I /Users/lpbrochu/Library/Developer/Xcode/DerivedData/DeckKeeperXcode-hbfhqexzsefexrgcyguzhumfbpyw/Build/Products/Debug-iphonesimulator -F /Users/lpbrochu/Library/Developer/Xcode/DerivedData/DeckKeeperXcode-hbfhqexzsefexrgcyguzhumfbpyw/Build/Products/Debug-iphonesimulator -emit-localized-strings -emit-localized-strings-path /Users/lpbrochu/Library/Developer/Xcode/DerivedData/DeckKeeperXcode-hbfhqexzsefexrgcyguzhumfbpyw/Build/Intermediates.noindex/DeckKeeperXcode.build/Debug-iphonesimulator/DeckKeeperXcode.build/Objects-normal/arm64 -c -j10 -enable-batch-mode -incremental -Xcc -ivfsstatcache -Xcc /Users/lpbrochu/Library/Developer/Xcode/DerivedData/SDKStatCaches.noindex/iphonesimulator26.5-23F73-6cfe768891a92b912361537c460fe42b.sdkstatcache -output-file-map /Users/lpbrochu/Library/Developer/Xcode/DerivedData/DeckKeeperXcode-hbfhqexzsefexrgcyguzhumfbpyw/Build/Intermediates.noindex/DeckKeeperXcode.build/Debug-iphonesimulator/DeckKeeperXcode.build/Objects-normal/arm64/DeckKeeperXcode-OutputFileMap.json -use-frontend-parseable-output -save-temps -no-color-diagnostics -explicit-module-build -module-cache-path /Users/lpbrochu/Library/Developer/Xcode/DerivedData/DeckKeeperXcode-hbfhqexzsefexrgcyguzhumfbpyw/Build/Intermediates.noindex/SwiftExplicitPrecompiledModules -clang-scanner-module-cache-path /Users/lpbrochu/Library/Developer/Xcode/DerivedData/ModuleCache.noindex -sdk-module-cache-path /Users/lpbrochu/Library/Developer/Xcode/DerivedData/ModuleCache.noindex -serialize-diagnostics -emit-dependencies -emit-module -emit-module-path /Users/lpbrochu/Library/Developer/Xcode/DerivedData/DeckKeeperXcode-hbfhqexzsefexrgcyguzhumfbpyw/Build/Intermediates.noindex/DeckKeeperXcode.build/Debug-iphonesimulator/DeckKeeperXcode.build/Objects-normal/arm64/DeckKeeperXcode.swiftmodule -validate-clang-modules-once -clang-build-session-file /Users/lpbrochu/Library/Developer/Xcode/DerivedData/ModuleCache.noindex/Session.modulevalidation -Xcc -I/Users/lpbrochu/Library/Developer/Xcode/DerivedData/DeckKeeperXcode-hbfhqexzsefexrgcyguzhumfbpyw/Build/Intermediates.noindex/DeckKeeperXcode.build/Debug-iphonesimulator/DeckKeeperXcode.build/swift-overrides.hmap -emit-const-values -Xfrontend -const-gather-protocols-file -Xfrontend /Users/lpbrochu/Library/Developer/Xcode/DerivedData/DeckKeeperXcode-hbfhqexzsefexrgcyguzhumfbpyw/Build/Intermediates.noindex/DeckKeeperXcode.build/Debug-iphonesimulator/DeckKeeperXcode.build/Objects-normal/arm64/DeckKeeperXcode_const_extract_protocols.json -Xcc -iquote -Xcc /Users/lpbrochu/Library/Developer/Xcode/DerivedData/DeckKeeperXcode-hbfhqexzsefexrgcyguzhumfbpyw/Build/Intermediates.noindex/DeckKeeperXcode.build/Debug-iphonesimulator/DeckKeeperXcode.build/DeckKeeperXcode-generated-files.hmap -Xcc -I/Users/lpbrochu/Library/Developer/Xcode/DerivedData/DeckKeeperXcode-hbfhqexzsefexrgcyguzhumfbpyw/Build/Intermediates.noindex/DeckKeeperXcode.build/Debug-iphonesimulator/DeckKeeperXcode.build/DeckKeeperXcode-own-target-headers.hmap -Xcc -I/Users/lpbrochu/Library/Developer/Xcode/DerivedData/DeckKeeperXcode-hbfhqexzsefexrgcyguzhumfbpyw/Build/Intermediates.noindex/DeckKeeperXcode.build/Debug-iphonesimulator/DeckKeeperXcode.build/DeckKeeperXcode-all-target-headers.hmap -Xcc -iquote -Xcc /Users/lpbrochu/Library/Developer/Xcode/DerivedData/DeckKeeperXcode-hbfhqexzsefexrgcyguzhumfbpyw/Build/Intermediates.noindex/DeckKeeperXcode.build/Debug-iphonesimulator/DeckKeeperXcode.build/DeckKeeperXcode-project-headers.hmap -Xcc -I/Users/lpbrochu/Library/Developer/Xcode/DerivedData/DeckKeeperXcode-hbfhqexzsefexrgcyguzhumfbpyw/Build/Products/Debug-iphonesimulator/include -Xcc -I/Users/lpbrochu/Library/Developer/Xcode/DerivedData/DeckKeeperXcode-hbfhqexzsefexrgcyguzhumfbpyw/Build/Intermediates.noindex/DeckKeeperXcode.build/Debug-iphonesimulator/DeckKeeperXcode.build/DerivedSources-normal/arm64 -Xcc -I/Users/lpbrochu/Library/Developer/Xcode/DerivedData/DeckKeeperXcode-hbfhqexzsefexrgcyguzhumfbpyw/Build/Intermediates.noindex/DeckKeeperXcode.build/Debug-iphonesimulator/DeckKeeperXcode.build/DerivedSources/arm64 -Xcc -I/Users/lpbrochu/Library/Developer/Xcode/DerivedData/DeckKeeperXcode-hbfhqexzsefexrgcyguzhumfbpyw/Build/Intermediates.noindex/DeckKeeperXcode.build/Debug-iphonesimulator/DeckKeeperXcode.build/DerivedSources -Xcc -DDEBUG\=1 -emit-objc-header -emit-objc-header-path /Users/lpbrochu/Library/Developer/Xcode/DerivedData/DeckKeeperXcode-hbfhqexzsefexrgcyguzhumfbpyw/Build/Intermediates.noindex/DeckKeeperXcode.build/Debug-iphonesimulator/DeckKeeperXcode.build/Objects-normal/arm64/DeckKeeperXcode-Swift.h -working-directory /Users/lpbrochu/Workspace/FAB-DeckKeeperSwift -experimental-emit-module-separately -disable-cmo

SwiftEmitModule normal arm64 Emitting\ module\ for\ DeckKeeperXcode (in target 'DeckKeeperXcode' from project 'DeckKeeperXcode')

EmitSwiftModule normal arm64 (in target 'DeckKeeperXcode' from project 'DeckKeeperXcode')
    cd /Users/lpbrochu/Workspace/FAB-DeckKeeperSwift
    

SwiftCompile normal arm64 Compiling\ ContentView.swift /Users/lpbrochu/Workspace/FAB-DeckKeeperSwift/Sources/App/Views/ContentView.swift (in target 'DeckKeeperXcode' from project 'DeckKeeperXcode')
SwiftCompile normal arm64 /Users/lpbrochu/Workspace/FAB-DeckKeeperSwift/Sources/App/Views/ContentView.swift (in target 'DeckKeeperXcode' from project 'DeckKeeperXcode')
    cd /Users/lpbrochu/Workspace/FAB-DeckKeeperSwift
    
/Users/lpbrochu/Workspace/FAB-DeckKeeperSwift/Sources/App/Views/ContentView.swift:202:33: error: cannot find 'DeckPreviewView' in scope
                                DeckPreviewView(
                                ^~~~~~~~~~~~~~~

Failed frontend command:
/Applications/Xcode.app/Contents/Developer/Toolchains/XcodeDefault.xctoolchain/usr/bin/swift-frontend -frontend -c /Users/lpbrochu/Workspace/FAB-DeckKeeperSwift/Sources/App/DeckKeeperApp.swift /Users/lpbrochu/Workspace/FAB-DeckKeeperSwift/Sources/App/Models/Deck.swift /Users/lpbrochu/Workspace/FAB-DeckKeeperSwift/Sources/App/Models/Hero.swift /Users/lpbrochu/Workspace/FAB-DeckKeeperSwift/Sources/App/Models/HeroCatalog.swift /Users/lpbrochu/Workspace/FAB-DeckKeeperSwift/Sources/App/Services/DeckStore.swift /Users/lpbrochu/Workspace/FAB-DeckKeeperSwift/Sources/App/ViewModels/DeckViewModel.swift -primary-file /Users/lpbrochu/Workspace/FAB-DeckKeeperSwift/Sources/App/Views/ContentView.swift /Users/lpbrochu/Workspace/FAB-DeckKeeperSwift/Sources/App/Views/DeckListView.swift /Users/lpbrochu/Workspace/FAB-DeckKeeperSwift/Sources/App/Views/DeckCardView.swift /Users/lpbrochu/Workspace/FAB-DeckKeeperSwift/Sources/App/Views/DeckDetailView.swift /Users/lpbrochu/Workspace/FAB-DeckKeeperSwift/Sources/App/Views/MatchupView.swift /Users/lpbrochu/Workspace/FAB-DeckKeeperSwift/Sources/App/Views/Components/PortraitView.swift /Users/lpbrochu/Workspace/FAB-DeckKeeperSwift/Sources/App/Views/Components/CachedAsyncImage.swift /Users/lpbrochu/Workspace/FAB-DeckKeeperSwift/Sources/App/Views/Components/ChipView.swift /Users/lpbrochu/Workspace/FAB-DeckKeeperSwift/Sources/App/Views/Components/ColorSeed.swift -emit-dependencies-path /Users/lpbrochu/Library/Developer/Xcode/DerivedData/DeckKeeperXcode-hbfhqexzsefexrgcyguzhumfbpyw/Build/Intermediates.noindex/DeckKeeperXcode.build/Debug-iphonesimulator/DeckKeeperXcode.build/Objects-normal/arm64/ContentView.d -emit-const-values-path /Users/lpbrochu/Library/Developer/Xcode/DerivedData/DeckKeeperXcode-hbfhqexzsefexrgcyguzhumfbpyw/Build/Intermediates.noindex/DeckKeeperXcode.build/Debug-iphonesimulator/DeckKeeperXcode.build/Objects-normal/arm64/ContentView.swiftconstvalues -emit-reference-dependencies-path /Users/lpbrochu/Library/Developer/Xcode/DerivedData/DeckKeeperXcode-hbfhqexzsefexrgcyguzhumfbpyw/Build/Intermediates.noindex/DeckKeeperXcode.build/Debug-iphonesimulator/DeckKeeperXcode.build/Objects-normal/arm64/ContentView.swiftdeps -serialize-diagnostics-path /Users/lpbrochu/Library/Developer/Xcode/DerivedData/DeckKeeperXcode-hbfhqexzsefexrgcyguzhumfbpyw/Build/Intermediates.noindex/DeckKeeperXcode.build/Debug-iphonesimulator/DeckKeeperXcode.build/Objects-normal/arm64/ContentView.dia -emit-localized-strings -emit-localized-strings-path /Users/lpbrochu/Library/Developer/Xcode/DerivedData/DeckKeeperXcode-hbfhqexzsefexrgcyguzhumfbpyw/Build/Intermediates.noindex/DeckKeeperXcode.build/Debug-iphonesimulator/DeckKeeperXcode.build/Objects-normal/arm64 -target arm64-apple-ios17.0-simulator -load-resolved-plugin /Applications/Xcode.app/Contents/Developer/Platforms/iPhoneOS.platform/Developer/usr/lib/swift/host/plugins/libFoundationMacros.dylib\#/Applications/Xcode.app/Contents/Developer/Platforms/iPhoneOS.platform/Developer/usr/bin/swift-plugin-server\#FoundationMacros -load-resolved-plugin /Applications/Xcode.app/Contents/Developer/Platforms/iPhoneOS.platform/Developer/usr/lib/swift/host/plugins/libObservationMacros.dylib\#/Applications/Xcode.app/Contents/Developer/Platforms/iPhoneOS.platform/Developer/usr/bin/swift-plugin-server\#ObservationMacros -load-resolved-plugin /Applications/Xcode.app/Contents/Developer/Platforms/iPhoneOS.platform/Developer/usr/lib/swift/host/plugins/libPreviewsMacros.dylib\#/Applications/Xcode.app/Contents/Developer/Platforms/iPhoneOS.platform/Developer/usr/bin/swift-plugin-server\#PreviewsMacros -load-resolved-plugin /Applications/Xcode.app/Contents/Developer/Platforms/iPhoneOS.platform/Developer/usr/lib/swift/host/plugins/libSwiftMacros.dylib\#/Applications/Xcode.app/Contents/Developer/Platforms/iPhoneOS.platform/Developer/usr/bin/swift-plugin-server\#SwiftMacros -load-resolved-plugin /Applications/Xcode.app/Contents/Developer/Platforms/iPhoneOS.platform/Developer/usr/lib/swift/host/plugins/libSwiftUIMacros.dylib\#/Applications/Xcode.app/Contents/Developer/Platforms/iPhoneOS.platform/Developer/usr/bin/swift-plugin-server\#SwiftUIMacros -disable-implicit-swift-modules -Xcc -fno-implicit-modules -Xcc -fno-implicit-module-maps -explicit-swift-module-map-file /Users/lpbrochu/Library/Developer/Xcode/DerivedData/DeckKeeperXcode-hbfhqexzsefexrgcyguzhumfbpyw/Build/Intermediates.noindex/DeckKeeperXcode.build/Debug-iphonesimulator/DeckKeeperXcode.build/Objects-normal/arm64/DeckKeeperXcode-dependencies-1.json -debug-module-path /Users/lpbrochu/Library/Developer/Xcode/DerivedData/DeckKeeperXcode-hbfhqexzsefexrgcyguzhumfbpyw/Build/Intermediates.noindex/DeckKeeperXcode.build/Debug-iphonesimulator/DeckKeeperXcode.build/Objects-normal/arm64/DeckKeeperXcode.swiftmodule -Xllvm -aarch64-use-tbi -enable-objc-interop -sdk /Applications/Xcode.app/Contents/Developer/Platforms/iPhoneSimulator.platform/Developer/SDKs/iPhoneSimulator26.5.sdk -I /Users/lpbrochu/Library/Developer/Xcode/DerivedData/DeckKeeperXcode-hbfhqexzsefexrgcyguzhumfbpyw/Build/Products/Debug-iphonesimulator -F /Users/lpbrochu/Library/Developer/Xcode/DerivedData/DeckKeeperXcode-hbfhqexzsefexrgcyguzhumfbpyw/Build/Products/Debug-iphonesimulator -no-color-diagnostics -Xcc -fno-color-diagnostics -enable-testing -g -debug-info-format\=dwarf -dwarf-version\=4 -module-cache-path /Users/lpbrochu/Library/Developer/Xcode/DerivedData/DeckKeeperXcode-hbfhqexzsefexrgcyguzhumfbpyw/Build/Intermediates.noindex/SwiftExplicitPrecompiledModules -swift-version 5 -Onone -D DEBUG -serialize-debugging-options -const-gather-protocols-file /Users/lpbrochu/Library/Developer/Xcode/DerivedData/DeckKeeperXcode-hbfhqexzsefexrgcyguzhumfbpyw/Build/Intermediates.noindex/DeckKeeperXcode.build/Debug-iphonesimulator/DeckKeeperXcode.build/Objects-normal/arm64/DeckKeeperXcode_const_extract_protocols.json -enable-experimental-feature DebugDescriptionMacro -enable-bare-slash-regex -empty-abi-descriptor -validate-clang-modules-once -clang-build-session-file /Users/lpbrochu/Library/Developer/Xcode/DerivedData/ModuleCache.noindex/Session.modulevalidation -Xcc -working-directory -Xcc /Users/lpbrochu/Workspace/FAB-DeckKeeperSwift -enable-anonymous-context-mangled-names -file-compilation-dir /Users/lpbrochu/Workspace/FAB-DeckKeeperSwift -Xcc -D_LIBCPP_HARDENING_MODE\=_LIBCPP_HARDENING_MODE_DEBUG -Xcc -ivfsstatcache -Xcc /Users/lpbrochu/Library/Developer/Xcode/DerivedData/SDKStatCaches.noindex/iphonesimulator26.5-23F73-6cfe768891a92b912361537c460fe42b.sdkstatcache -Xcc -I/Users/lpbrochu/Library/Developer/Xcode/DerivedData/DeckKeeperXcode-hbfhqexzsefexrgcyguzhumfbpyw/Build/Intermediates.noindex/DeckKeeperXcode.build/Debug-iphonesimulator/DeckKeeperXcode.build/swift-overrides.hmap -Xcc -iquote -Xcc /Users/lpbrochu/Library/Developer/Xcode/DerivedData/DeckKeeperXcode-hbfhqexzsefexrgcyguzhumfbpyw/Build/Intermediates.noindex/DeckKeeperXcode.build/Debug-iphonesimulator/DeckKeeperXcode.build/DeckKeeperXcode-generated-files.hmap -Xcc -I/Users/lpbrochu/Library/Developer/Xcode/DerivedData/DeckKeeperXcode-hbfhqexzsefexrgcyguzhumfbpyw/Build/Intermediates.noindex/DeckKeeperXcode.build/Debug-iphonesimulator/DeckKeeperXcode.build/DeckKeeperXcode-own-target-headers.hmap -Xcc -I/Users/lpbrochu/Library/Developer/Xcode/DerivedData/DeckKeeperXcode-hbfhqexzsefexrgcyguzhumfbpyw/Build/Intermediates.noindex/DeckKeeperXcode.build/Debug-iphonesimulator/DeckKeeperXcode.build/DeckKeeperXcode-all-target-headers.hmap -Xcc -iquote -Xcc /Users/lpbrochu/Library/Developer/Xcode/DerivedData/DeckKeeperXcode-hbfhqexzsefexrgcyguzhumfbpyw/Build/Intermediates.noindex/DeckKeeperXcode.build/Debug-iphonesimulator/DeckKeeperXcode.build/DeckKeeperXcode-project-headers.hmap -Xcc -I/Users/lpbrochu/Library/Developer/Xcode/DerivedData/DeckKeeperXcode-hbfhqexzsefexrgcyguzhumfbpyw/Build/Products/Debug-iphonesimulator/include -Xcc -I/Users/lpbrochu/Library/Developer/Xcode/DerivedData/DeckKeeperXcode-hbfhqexzsefexrgcyguzhumfbpyw/Build/Intermediates.noindex/DeckKeeperXcode.build/Debug-iphonesimulator/DeckKeeperXcode.build/DerivedSources-normal/arm64 -Xcc -I/Users/lpbrochu/Library/Developer/Xcode/DerivedData/DeckKeeperXcode-hbfhqexzsefexrgcyguzhumfbpyw/Build/Intermediates.noindex/DeckKeeperXcode.build/Debug-iphonesimulator/DeckKeeperXcode.build/DerivedSources/arm64 -Xcc -I/Users/lpbrochu/Library/Developer/Xcode/DerivedData/DeckKeeperXcode-hbfhqexzsefexrgcyguzhumfbpyw/Build/Intermediates.noindex/DeckKeeperXcode.build/Debug-iphonesimulator/DeckKeeperXcode.build/DerivedSources -Xcc -DDEBUG\=1 -no-auto-bridging-header-chaining -module-name DeckKeeperXcode -frontend-parseable-output -disable-clang-spi -clang-target arm64-apple-ios26.5-simulator -target-sdk-version 26.5 -target-sdk-name iphonesimulator26.5 -in-process-plugin-server-path /Applications/Xcode.app/Contents/Developer/Toolchains/XcodeDefault.xctoolchain/usr/lib/swift/host/libSwiftInProcPluginServer.dylib -o /Users/lpbrochu/Library/Developer/Xcode/DerivedData/DeckKeeperXcode-hbfhqexzsefexrgcyguzhumfbpyw/Build/Intermediates.noindex/DeckKeeperXcode.build/Debug-iphonesimulator/DeckKeeperXcode.build/Objects-normal/arm64/ContentView.o -index-unit-output-path /DeckKeeperXcode.build/Debug-iphonesimulator/DeckKeeperXcode.build/Objects-normal/arm64/ContentView.o -index-store-path /Users/lpbrochu/Library/Developer/Xcode/DerivedData/DeckKeeperXcode-hbfhqexzsefexrgcyguzhumfbpyw/Index.noindex/DataStore -index-system-modules
** BUILD FAILED **


The following build commands failed:
	SwiftCompile normal arm64 /Users/lpbrochu/Workspace/FAB-DeckKeeperSwift/Sources/App/Views/ContentView.swift (in target 'DeckKeeperXcode' from project 'DeckKeeperXcode')
	SwiftCompile normal arm64 Compiling\ ContentView.swift /Users/lpbrochu/Workspace/FAB-DeckKeeperSwift/Sources/App/Views/ContentView.swift (in target 'DeckKeeperXcode' from project 'DeckKeeperXcode')
	Building project DeckKeeperXcode with scheme DeckKeeperXcode
(3 failures)
